begin;
    CREATE TYPE plan AS ENUM ('free', 'pro', 'enterprise');
    create table account(
        id serial primary key,
        email varchar(255) not null,
        plan plan not null
    );
    insert into public.account(email, plan)
    values
        ('aardvark@x.com', 'free'),
        ('bat@x.com', 'pro'),
        ('cat@x.com', 'enterprise'),
        ('dog@x.com', 'free'),
        ('elephant@x.com', 'pro');
    -- AND filter zero expressions
    select jsonb_pretty(
        graphql.resolve($$
        {
            accountCollection(filter: {AND: []}) {
                edges {
                    node {
                        id
                        email
                    }
                }
            }
        }
        $$)
    );
                   jsonb_pretty                    
---------------------------------------------------
 {                                                +
     "data": {                                    +
         "accountCollection": {                   +
             "edges": [                           +
                 {                                +
                     "node": {                    +
                         "id": 1,                 +
                         "email": "aardvark@x.com"+
                     }                            +
                 },                               +
                 {                                +
                     "node": {                    +
                         "id": 2,                 +
                         "email": "bat@x.com"     +
                     }                            +
                 },                               +
                 {                                +
                     "node": {                    +
                         "id": 3,                 +
                         "email": "cat@x.com"     +
                     }                            +
                 },                               +
                 {                                +
                     "node": {                    +
                         "id": 4,                 +
                         "email": "dog@x.com"     +
                     }                            +
                 },                               +
                 {                                +
                     "node": {                    +
                         "id": 5,                 +
                         "email": "elephant@x.com"+
                     }                            +
                 }                                +
             ]                                    +
         }                                        +
     }                                            +
 }
(1 row)

    -- AND filter one expression
    select jsonb_pretty(
        graphql.resolve($$
        {
            accountCollection(filter: {AND: [{id: {eq: 1}}]}) {
                edges {
                    node {
                        id
                        email
                    }
                }
            }
        }
        $$)
    );
                   jsonb_pretty                    
---------------------------------------------------
 {                                                +
     "data": {                                    +
         "accountCollection": {                   +
             "edges": [                           +
                 {                                +
                     "node": {                    +
                         "id": 1,                 +
                         "email": "aardvark@x.com"+
                     }                            +
                 }                                +
             ]                                    +
         }                                        +
     }                                            +
 }
(1 row)

    -- AND filter two expressions
    select jsonb_pretty(
        graphql.resolve($$
        {
            accountCollection(filter: {AND: [{id: {eq: 1}}, {email: {eq: "aardvark@x.com"}}]}) {
                edges {
                    node {
                        id
                        email
                    }
                }
            }
        }
        $$)
    );
                   jsonb_pretty                    
---------------------------------------------------
 {                                                +
     "data": {                                    +
         "accountCollection": {                   +
             "edges": [                           +
                 {                                +
                     "node": {                    +
                         "id": 1,                 +
                         "email": "aardvark@x.com"+
                     }                            +
                 }                                +
             ]                                    +
         }                                        +
     }                                            +
 }
(1 row)

    -- AND filter three expressions
    select jsonb_pretty(
        graphql.resolve($$
        {
            accountCollection(filter: {AND: [{id: {eq: 1}}, {email: {eq: "aardvark@x.com"}}, {plan: {eq: "free"}}]}) {
                edges {
                    node {
                        id
                        email
                    }
                }
            }
        }
        $$)
    );
                   jsonb_pretty                    
---------------------------------------------------
 {                                                +
     "data": {                                    +
         "accountCollection": {                   +
             "edges": [                           +
                 {                                +
                     "node": {                    +
                         "id": 1,                 +
                         "email": "aardvark@x.com"+
                     }                            +
                 }                                +
             ]                                    +
         }                                        +
     }                                            +
 }
(1 row)

    -- OR filter zero expressions
    select jsonb_pretty(
        graphql.resolve($$
        {
            accountCollection(filter: {OR: []}) {
                edges {
                    node {
                        id
                        email
                    }
                }
            }
        }
        $$)
    );
                   jsonb_pretty                    
---------------------------------------------------
 {                                                +
     "data": {                                    +
         "accountCollection": {                   +
             "edges": [                           +
                 {                                +
                     "node": {                    +
                         "id": 1,                 +
                         "email": "aardvark@x.com"+
                     }                            +
                 },                               +
                 {                                +
                     "node": {                    +
                         "id": 2,                 +
                         "email": "bat@x.com"     +
                     }                            +
                 },                               +
                 {                                +
                     "node": {                    +
                         "id": 3,                 +
                         "email": "cat@x.com"     +
                     }                            +
                 },                               +
                 {                                +
                     "node": {                    +
                         "id": 4,                 +
                         "email": "dog@x.com"     +
                     }                            +
                 },                               +
                 {                                +
                     "node": {                    +
                         "id": 5,                 +
                         "email": "elephant@x.com"+
                     }                            +
                 }                                +
             ]                                    +
         }                                        +
     }                                            +
 }
(1 row)

    -- OR filter one expression
    select jsonb_pretty(
        graphql.resolve($$
        {
            accountCollection(filter: {OR: [{id: {eq: 1}}]}) {
                edges {
                    node {
                        id
                        email
                    }
                }
            }
        }
        $$)
    );
                   jsonb_pretty                    
---------------------------------------------------
 {                                                +
     "data": {                                    +
         "accountCollection": {                   +
             "edges": [                           +
                 {                                +
                     "node": {                    +
                         "id": 1,                 +
                         "email": "aardvark@x.com"+
                     }                            +
                 }                                +
             ]                                    +
         }                                        +
     }                                            +
 }
(1 row)

    -- OR filter two expressions
    select jsonb_pretty(
        graphql.resolve($$
        {
            accountCollection(filter: {OR: [{id: {eq: 3}}, {email: {eq: "elephant@x.com"}}]}) {
                edges {
                    node {
                        id
                        email
                    }
                }
            }
        }
        $$)
    );
                   jsonb_pretty                    
---------------------------------------------------
 {                                                +
     "data": {                                    +
         "accountCollection": {                   +
             "edges": [                           +
                 {                                +
                     "node": {                    +
                         "id": 3,                 +
                         "email": "cat@x.com"     +
                     }                            +
                 },                               +
                 {                                +
                     "node": {                    +
                         "id": 5,                 +
                         "email": "elephant@x.com"+
                     }                            +
                 }                                +
             ]                                    +
         }                                        +
     }                                            +
 }
(1 row)

    -- OR filter three expressions
    select jsonb_pretty(
        graphql.resolve($$
        {
            accountCollection(filter: {OR: [{id: {eq: 1}}, {email: {eq: "bat@x.com"}}, {plan: {eq: "enterprise"}}]}) {
                edges {
                    node {
                        id
                        email
                    }
                }
            }
        }
        $$)
    );
                   jsonb_pretty                    
---------------------------------------------------
 {                                                +
     "data": {                                    +
         "accountCollection": {                   +
             "edges": [                           +
                 {                                +
                     "node": {                    +
                         "id": 1,                 +
                         "email": "aardvark@x.com"+
                     }                            +
                 },                               +
                 {                                +
                     "node": {                    +
                         "id": 2,                 +
                         "email": "bat@x.com"     +
                     }                            +
                 },                               +
                 {                                +
                     "node": {                    +
                         "id": 3,                 +
                         "email": "cat@x.com"     +
                     }                            +
                 }                                +
             ]                                    +
         }                                        +
     }                                            +
 }
(1 row)

    -- NOT filter zero expressions
    select jsonb_pretty(
        graphql.resolve($$
        {
            accountCollection(filter: {NOT: {}}) {
                edges {
                    node {
                        id
                        email
                    }
                }
            }
        }
        $$)
    );
                   jsonb_pretty                    
---------------------------------------------------
 {                                                +
     "data": {                                    +
         "accountCollection": {                   +
             "edges": [                           +
                 {                                +
                     "node": {                    +
                         "id": 1,                 +
                         "email": "aardvark@x.com"+
                     }                            +
                 },                               +
                 {                                +
                     "node": {                    +
                         "id": 2,                 +
                         "email": "bat@x.com"     +
                     }                            +
                 },                               +
                 {                                +
                     "node": {                    +
                         "id": 3,                 +
                         "email": "cat@x.com"     +
                     }                            +
                 },                               +
                 {                                +
                     "node": {                    +
                         "id": 4,                 +
                         "email": "dog@x.com"     +
                     }                            +
                 },                               +
                 {                                +
                     "node": {                    +
                         "id": 5,                 +
                         "email": "elephant@x.com"+
                     }                            +
                 }                                +
             ]                                    +
         }                                        +
     }                                            +
 }
(1 row)

    -- NOT filter one expression
    select jsonb_pretty(
        graphql.resolve($$
        {
            accountCollection(filter: {NOT: {id: {eq: 3}}}) {
                edges {
                    node {
                        id
                        email
                    }
                }
            }
        }
        $$)
    );
                   jsonb_pretty                    
---------------------------------------------------
 {                                                +
     "data": {                                    +
         "accountCollection": {                   +
             "edges": [                           +
                 {                                +
                     "node": {                    +
                         "id": 1,                 +
                         "email": "aardvark@x.com"+
                     }                            +
                 },                               +
                 {                                +
                     "node": {                    +
                         "id": 2,                 +
                         "email": "bat@x.com"     +
                     }                            +
                 },                               +
                 {                                +
                     "node": {                    +
                         "id": 4,                 +
                         "email": "dog@x.com"     +
                     }                            +
                 },                               +
                 {                                +
                     "node": {                    +
                         "id": 5,                 +
                         "email": "elephant@x.com"+
                     }                            +
                 }                                +
             ]                                    +
         }                                        +
     }                                            +
 }
(1 row)

    -- multiple expressions inside a NOT filter are implicitly ANDed together
    -- NOT filter two expressions
    select jsonb_pretty(
        graphql.resolve($$
        {
            accountCollection(filter: {NOT: {id: {eq: 1}, email: {eq: "aardvark@x.com"}}}) {
                edges {
                    node {
                        id
                        email
                    }
                }
            }
        }
        $$)
    );
                   jsonb_pretty                    
---------------------------------------------------
 {                                                +
     "data": {                                    +
         "accountCollection": {                   +
             "edges": [                           +
                 {                                +
                     "node": {                    +
                         "id": 2,                 +
                         "email": "bat@x.com"     +
                     }                            +
                 },                               +
                 {                                +
                     "node": {                    +
                         "id": 3,                 +
                         "email": "cat@x.com"     +
                     }                            +
                 },                               +
                 {                                +
                     "node": {                    +
                         "id": 4,                 +
                         "email": "dog@x.com"     +
                     }                            +
                 },                               +
                 {                                +
                     "node": {                    +
                         "id": 5,                 +
                         "email": "elephant@x.com"+
                     }                            +
                 }                                +
             ]                                    +
         }                                        +
     }                                            +
 }
(1 row)

    -- multiple expressions inside a NOT filter are implicitly ANDed together
    -- NOT filter three expressions
    select jsonb_pretty(
        graphql.resolve($$
        {
            accountCollection(filter: {NOT: {id: {eq: 1}, email: {eq: "aardvark@x.com"}, plan: {eq: "free"}}}) {
                edges {
                    node {
                        id
                        email
                    }
                }
            }
        }
        $$)
    );
                   jsonb_pretty                    
---------------------------------------------------
 {                                                +
     "data": {                                    +
         "accountCollection": {                   +
             "edges": [                           +
                 {                                +
                     "node": {                    +
                         "id": 2,                 +
                         "email": "bat@x.com"     +
                     }                            +
                 },                               +
                 {                                +
                     "node": {                    +
                         "id": 3,                 +
                         "email": "cat@x.com"     +
                     }                            +
                 },                               +
                 {                                +
                     "node": {                    +
                         "id": 4,                 +
                         "email": "dog@x.com"     +
                     }                            +
                 },                               +
                 {                                +
                     "node": {                    +
                         "id": 5,                 +
                         "email": "elephant@x.com"+
                     }                            +
                 }                                +
             ]                                    +
         }                                        +
     }                                            +
 }
(1 row)

    -- AND filter (explicit) nested inside OR
    select jsonb_pretty(
        graphql.resolve($$
        {
            accountCollection(
                filter: {
                OR: [
                    { id: { eq: 3 } }
                    { id: { eq: 5 } }
                    { AND: [{ id: { eq: 1 } }, { email: { eq: "aardvark@x.com" } }] } # explicit AND
                ]
                }
            ) {
                edges {
                node {
                    id
                    email
                }
                }
            }
        }
        $$)
    );
                   jsonb_pretty                    
---------------------------------------------------
 {                                                +
     "data": {                                    +
         "accountCollection": {                   +
             "edges": [                           +
                 {                                +
                     "node": {                    +
                         "id": 1,                 +
                         "email": "aardvark@x.com"+
                     }                            +
                 },                               +
                 {                                +
                     "node": {                    +
                         "id": 3,                 +
                         "email": "cat@x.com"     +
                     }                            +
                 },                               +
                 {                                +
                     "node": {                    +
                         "id": 5,                 +
                         "email": "elephant@x.com"+
                     }                            +
                 }                                +
             ]                                    +
         }                                        +
     }                                            +
 }
(1 row)

    -- AND filter (implicit) nested inside OR
    select jsonb_pretty(
        graphql.resolve($$
        {
            accountCollection(
                filter: {
                OR: [
                    { id: { eq: 3 } }
                    { id: { eq: 5 } }
                    { id: { eq: 1 }, email: { eq: "aardvark@x.com" } } # implicit AND
                ]
                }
            ) {
                edges {
                node {
                    id
                    email
                }
                }
            }
        }
        $$)
    );
                   jsonb_pretty                    
---------------------------------------------------
 {                                                +
     "data": {                                    +
         "accountCollection": {                   +
             "edges": [                           +
                 {                                +
                     "node": {                    +
                         "id": 1,                 +
                         "email": "aardvark@x.com"+
                     }                            +
                 },                               +
                 {                                +
                     "node": {                    +
                         "id": 3,                 +
                         "email": "cat@x.com"     +
                     }                            +
                 },                               +
                 {                                +
                     "node": {                    +
                         "id": 5,                 +
                         "email": "elephant@x.com"+
                     }                            +
                 }                                +
             ]                                    +
         }                                        +
     }                                            +
 }
(1 row)

    -- OR filter nested inside AND
    select jsonb_pretty(
        graphql.resolve($$
        {
            accountCollection(
                filter: {
                AND: [
                    { id: { gt: 0 } }
                    { id: { lt: 4 } }
                    { OR: [{email: { eq: "bat@x.com" }}, {email: { eq: "cat@x.com" }}] }
                ]
                }
            ) {
                edges {
                node {
                    id
                    email
                }
                }
            }
        }
        $$)
    );
                 jsonb_pretty                 
----------------------------------------------
 {                                           +
     "data": {                               +
         "accountCollection": {              +
             "edges": [                      +
                 {                           +
                     "node": {               +
                         "id": 2,            +
                         "email": "bat@x.com"+
                     }                       +
                 },                          +
                 {                           +
                     "node": {               +
                         "id": 3,            +
                         "email": "cat@x.com"+
                     }                       +
                 }                           +
             ]                               +
         }                                   +
     }                                       +
 }
(1 row)

    -- NOT filter nested inside OR which is nested inside AND
    select jsonb_pretty(
        graphql.resolve($$
        {
            accountCollection(
                filter: {
                AND: [
                    { id: { gt: 0 } }
                    { id: { lt: 4 } }
                    { OR: [{NOT: {email: { eq: "bat@x.com" }}}, {email: { eq: "cat@x.com" }}] }
                ]
                }
            ) {
                edges {
                node {
                    id
                    email
                }
                }
            }
        }
        $$)
    );
                   jsonb_pretty                    
---------------------------------------------------
 {                                                +
     "data": {                                    +
         "accountCollection": {                   +
             "edges": [                           +
                 {                                +
                     "node": {                    +
                         "id": 1,                 +
                         "email": "aardvark@x.com"+
                     }                            +
                 },                               +
                 {                                +
                     "node": {                    +
                         "id": 3,                 +
                         "email": "cat@x.com"     +
                     }                            +
                 }                                +
             ]                                    +
         }                                        +
     }                                            +
 }
(1 row)

rollback;
