begin;
    -- https://github.com/supabase/pg_graphql/issues/237
    create table blog_post(
        id int primary key,
        a text,
        b text,
        c text,
        d text,
        e text,
        f text
    );
    insert into public.blog_post
    values (1, 'a', 'b', 'c', 'd', 'e', 'f');
    -- mismatched field names
    select jsonb_pretty(
      graphql.resolve($$
        query {
          blogPostCollection {
            edges {
              node {
                a
              }
            }
          }
          blogPostCollection {
            edges {
              node {
                a: b
              }
            }
          }
        }
      $$)
    );
                                               jsonb_pretty                                               
----------------------------------------------------------------------------------------------------------
 {                                                                                                       +
     "data": null,                                                                                       +
     "errors": [                                                                                         +
         {                                                                                               +
             "message": "Fields 'a' on type 'BlogPost' conflict because 'b' and 'a' are different fields"+
         }                                                                                               +
     ]                                                                                                   +
 }
(1 row)

    -- mismatched arguments
    select jsonb_pretty(
      graphql.resolve($$
        query {
          blogPostCollection(filter: {
            id: { eq: 1 }
          }) {
            edges {
              node {
                a
              }
            }
          }
          blogPostCollection {
            edges {
              node {
                b
              }
            }
          }
        }
      $$)
    );
                                                    jsonb_pretty                                                     
---------------------------------------------------------------------------------------------------------------------
 {                                                                                                                  +
     "errors": [                                                                                                    +
         {                                                                                                          +
             "message": "Fields 'blogPostCollection' on type 'Query' conflict because they have differing arguments"+
         }                                                                                                          +
     ]                                                                                                              +
 }
(1 row)

    -- mismatched list to node
    select jsonb_pretty(
      graphql.resolve($$
        query {
          blogPostCollection {
            a: edges {
              cursor
            }
          }
          blogPostCollection {
            a: pageInfo {
              cursor: endCursor
            }
          }
        }
      $$)
    );
                                               jsonb_pretty                                                
-----------------------------------------------------------------------------------------------------------
 {                                                                                                        +
     "data": null,                                                                                        +
     "errors": [                                                                                          +
         {                                                                                                +
             "message": "Fields 'a' on type 'BlogPostConnection' conflict because only one is a list type"+
         }                                                                                                +
     ]                                                                                                    +
 }
(1 row)

rollback;
