begin;
    select graphql.resolve($$
    {
      account {
        id
      }
    }
    $$);
                                resolve                                 
------------------------------------------------------------------------
 {"errors": [{"message": "Field `account` not found on type `Query`"}]}
(1 row)

rollback;
