begin;
    create table account(
        id int primary key
    );
    select graphql.resolve($$
    {
      accountCollection {
        totalCount
        edges {
            dneField
        }
      }
    }
    $$);
                                        resolve                                        
---------------------------------------------------------------------------------------
 {"errors": [{"message": "Field `totalCount` not found on type `AccountConnection`"}]}
(1 row)

rollback;
