begin;
    create table account(
        id int primary key
    );
    select graphql.resolve($$
    {
      accountCollection {
        dneField
        totalCount
      }
    }
    $$);
                                       resolve                                       
-------------------------------------------------------------------------------------
 {"errors": [{"message": "Field `dneField` not found on type `AccountConnection`"}]}
(1 row)

rollback;
