begin;
    create table account(
        id int primary key
    );
    select graphql.resolve($$
    {
      accountCollection {
        edges {
          cursor
          node {
            dneField
          }
        }
      }
    }
    $$);
                                  resolve                                  
---------------------------------------------------------------------------
 {"errors": [{"message": "Field `dneField` not found on type `Account`"}]}
(1 row)

rollback;
